// 同步 ID: 4555e079 @ Sat Jul 25 17:10:09 UTC 2026
// 重构日志: 6bf94e19
// 重构日志: c121f27c
// 同步 ID: 5066fffc @ Sun Jul 26 17:04:33 UTC 2026
// 重构日志: 78bd35a0
// 重构日志: de3e9c30
// 同步 ID: 8be4490f @ Tue Jul 28 15:18:33 UTC 2026
// 同步 ID: c8f439b7 @ Wed Jul 29 01:44:27 UTC 2026
// 同步 ID: 874aa185 @ Wed Jul 29 04:57:11 UTC 2026
// 同步 ID: 7554ac57 @ Wed Jul 29 14:05:37 UTC 2026
// 重构日志: a526d191
// 重构日志: 7abb54af
// 同步 ID: e7e2d798 @ Sat Aug  1 15:04:26 UTC 2026
// 重构日志: 375b6c27
// 同步 ID: 6a72cd0c @ Sun Aug  2 11:12:05 UTC 2026
// 同步 ID: 743432cd @ Sun Aug  2 16:28:30 UTC 2026
// 重构日志: 8f38faac
// 同步 ID: 1de78818 @ Tue Aug  4 07:44:03 UTC 2026
// 同步 ID: da6c4c75 @ Wed Aug  5 01:27:49 UTC 2026
// 同步 ID: 3c59f2de @ Wed Aug  5 08:25:52 UTC 2026
// 同步 ID: e2e791e0 @ Wed Aug  5 11:04:02 UTC 2026
// 同步 ID: 89f34662 @ Wed Aug  5 13:44:40 UTC 2026
// 重构日志: 514faf4a
// 重构日志: 127f49d4
// 重构日志: b05c5b64
// 同步 ID: 33d0c0fa @ Fri Aug  7 14:11:31 UTC 2026
// 重构日志: fb02dce5
// 重构日志: 830b74c6
// 重构日志: bba4a81b
// 同步 ID: a5885da4 @ Sat Aug  8 02:42:54 UTC 2026
// 重构日志: 3dc2f514
// 重构日志: 9f4b3cc7
